2024-01-15 10:00:01 INFO Application started successfully
2024-01-15 10:00:03 INFO Loading configuration file
2024-01-15 10:00:05 WARNING Low memory detected on server
2024-01-15 10:00:07 ERROR Database timeout while connecting to users_db
2024-01-15 10:00:09 INFO Retrying database connection
2024-01-15 10:00:11 ERROR Database timeout while connecting to users_db
2024-01-15 10:00:13 INFO Connection established successfully
2024-01-15 10:00:15 WARNING High CPU usage detected

{"timestamp":"2024-01-15 10:00:17","level":"INFO","message":"User login successful"}
{"timestamp":"2024-01-15 10:00:19","level":"ERROR","message":"Auth failed for user admin"}
{"timestamp":"2024-01-15 10:00:21","level":"ERROR","message":"Database timeout while connecting to users_db"}
{"timestamp":"2024-01-15 10:00:23","level":"WARNING","message":"Disk usage at 80%"}

2024-01-15 10:00:25 INFO Request processed successfully
2024-01-15 10:00:27 ERROR Auth failed for user admin
2024-01-15 10:00:29 INFO Sending response to client
2024-01-15 10:00:31 WARNING API response time slow

2024-01-15 10:00:33 INFO CSV DATA START
id,name,status
1,John,active
2,Mary,inactive
3,Alex,active
2024-01-15 10:00:34 INFO CSV DATA END

{"timestamp":"2024-01-15 10:00:36","level":"INFO","message":"CSV processed successfully"}
{"timestamp":"2024-01-15 10:00:38","level":"ERROR","message":"Database timeout while connecting to users_db"}

2024-01-15 10:00:40 INFO Shutdown initiated
2024-01-15 10:00:42 INFO Application stopped successfully